e:\jhume\c_coding\xcorr2d_v1.0\xcorr2d_v1.0\x64\debug\vc120.pdb
e:\jhume\c_coding\xcorr2d_v1.0\xcorr2d_v1.0\x64\debug\vc120.idb
e:\jhume\c_coding\xcorr2d_v1.0\xcorr2d_v1.0\x64\debug\folderfileop.obj
e:\jhume\c_coding\xcorr2d_v1.0\xcorr2d_v1.0\x64\debug\imageiopkg.obj
e:\jhume\c_coding\xcorr2d_v1.0\xcorr2d_v1.0\x64\debug\main.obj
e:\jhume\c_coding\xcorr2d_v1.0\xcorr2d_v1.0\x64\debug\stdafx.obj
e:\jhume\c_coding\xcorr2d_v1.0\x64\debug\xcorr2d_v1.0.ilk
e:\jhume\c_coding\xcorr2d_v1.0\x64\debug\xcorr2d_v1.0.exe
e:\jhume\c_coding\xcorr2d_v1.0\x64\debug\xcorr2d_v1.0.pdb
e:\jhume\c_coding\xcorr2d_v1.0\xcorr2d_v1.0\x64\debug\gpuinfo.cu.cache
e:\jhume\c_coding\xcorr2d_v1.0\xcorr2d_v1.0\x64\debug\mhe7_4_gpu.cu.cache
e:\jhume\c_coding\xcorr2d_v1.0\xcorr2d_v1.0\x64\debug\xcorr2d_multi_grid.cu.cache
e:\jhume\c_coding\xcorr2d_v1.0\xcorr2d_v1.0\x64\debug\gpuinfo.cu.obj
e:\jhume\c_coding\xcorr2d_v1.0\xcorr2d_v1.0\x64\debug\mhe7_4_gpu.cu.obj
e:\jhume\c_coding\xcorr2d_v1.0\xcorr2d_v1.0\x64\debug\xcorr2d_multi_grid.cu.obj
e:\jhume\c_coding\xcorr2d_v1.0\xcorr2d_v1.0\x64\debug\xcorr2d_v1.0.tlog\cl.command.1.tlog
e:\jhume\c_coding\xcorr2d_v1.0\xcorr2d_v1.0\x64\debug\xcorr2d_v1.0.tlog\cl.read.1.tlog
e:\jhume\c_coding\xcorr2d_v1.0\xcorr2d_v1.0\x64\debug\xcorr2d_v1.0.tlog\cl.write.1.tlog
e:\jhume\c_coding\xcorr2d_v1.0\xcorr2d_v1.0\x64\debug\xcorr2d_v1.0.tlog\link.command.1.tlog
e:\jhume\c_coding\xcorr2d_v1.0\xcorr2d_v1.0\x64\debug\xcorr2d_v1.0.tlog\link.read.1.tlog
e:\jhume\c_coding\xcorr2d_v1.0\xcorr2d_v1.0\x64\debug\xcorr2d_v1.0.tlog\link.write.1.tlog
