Build started 5/28/2019 6:00:04 PM.
     1>Project "E:\JHUME\c_coding\xcorr2d_V1.0\xcorr2d_V1.0\xcorr2d_V1.0.vcxproj" on node 2 (Rebuild target(s)).
     1>CudaClean:
         cmd.exe /C "C:\Users\Jian Gao\AppData\Local\Temp\tmpbaf2c5c09812411987e7cd6bf846f391.cmd"
         "C:\Program Files\NVIDIA GPU Computing Toolkit\CUDA\v8.0\bin\nvcc.exe" -ccbin "C:\Program Files (x86)\Microsoft Visual Studio 12.0\VC\bin\x86_amd64"  -I"C:\Program Files\NVIDIA GPU Computing Toolkit\CUDA\v8.0\include" -I"C:\Program Files\NVIDIA GPU Computing Toolkit\CUDA\v8.0\include"  -G   --keep-dir x64\Debug -maxrregcount=0  --machine 64 --compile   -g   -DWIN32 -D_DEBUG -D_CONSOLE -D_LIB -D_UNICODE -DUNICODE -D_AFXDLL -Xcompiler "/EHsc /W3 /nologo /Od /FS /Zi /RTC1 /MDd " -o x64\Debug\gpuinfo.cu.obj "E:\JHUME\c_coding\xcorr2d_V1.0\xcorr2d_V1.0\gpuinfo.cu" -clean
         
         E:\JHUME\c_coding\xcorr2d_V1.0\xcorr2d_V1.0>"C:\Program Files\NVIDIA GPU Computing Toolkit\CUDA\v8.0\bin\nvcc.exe" -ccbin "C:\Program Files (x86)\Microsoft Visual Studio 12.0\VC\bin\x86_amd64"  -I"C:\Program Files\NVIDIA GPU Computing Toolkit\CUDA\v8.0\include" -I"C:\Program Files\NVIDIA GPU Computing Toolkit\CUDA\v8.0\include"  -G   --keep-dir x64\Debug -maxrregcount=0  --machine 64 --compile   -g   -DWIN32 -D_DEBUG -D_CONSOLE -D_LIB -D_UNICODE -DUNICODE -D_AFXDLL -Xcompiler "/EHsc /W3 /nologo /Od /FS /Zi /RTC1 /MDd " -o x64\Debug\gpuinfo.cu.obj "E:\JHUME\c_coding\xcorr2d_V1.0\xcorr2d_V1.0\gpuinfo.cu" -clean 
     1>CUDACOMPILE : nvcc warning : The 'compute_20', 'sm_20', and 'sm_21' architectures are deprecated, and may be removed in a future release (Use -Wno-deprecated-gpu-targets to suppress warning).
         gpuinfo.cu
       CudaClean:
         cmd.exe /C "C:\Users\Jian Gao\AppData\Local\Temp\tmp84253a793179450aa260ae46a6b8fd82.cmd"
         "C:\Program Files\NVIDIA GPU Computing Toolkit\CUDA\v8.0\bin\nvcc.exe" -ccbin "C:\Program Files (x86)\Microsoft Visual Studio 12.0\VC\bin\x86_amd64"  -I"C:\Program Files\NVIDIA GPU Computing Toolkit\CUDA\v8.0\include" -I"C:\Program Files\NVIDIA GPU Computing Toolkit\CUDA\v8.0\include"  -G   --keep-dir x64\Debug -maxrregcount=0  --machine 64 --compile   -g   -DWIN32 -D_DEBUG -D_CONSOLE -D_LIB -D_UNICODE -DUNICODE -D_AFXDLL -Xcompiler "/EHsc /W3 /nologo /Od /FS /Zi /RTC1 /MDd " -o x64\Debug\MHE7_4_gpu.cu.obj "E:\JHUME\c_coding\xcorr2d_V1.0\xcorr2d_V1.0\MHE7_4_gpu.cu" -clean
         
         E:\JHUME\c_coding\xcorr2d_V1.0\xcorr2d_V1.0>"C:\Program Files\NVIDIA GPU Computing Toolkit\CUDA\v8.0\bin\nvcc.exe" -ccbin "C:\Program Files (x86)\Microsoft Visual Studio 12.0\VC\bin\x86_amd64"  -I"C:\Program Files\NVIDIA GPU Computing Toolkit\CUDA\v8.0\include" -I"C:\Program Files\NVIDIA GPU Computing Toolkit\CUDA\v8.0\include"  -G   --keep-dir x64\Debug -maxrregcount=0  --machine 64 --compile   -g   -DWIN32 -D_DEBUG -D_CONSOLE -D_LIB -D_UNICODE -DUNICODE -D_AFXDLL -Xcompiler "/EHsc /W3 /nologo /Od /FS /Zi /RTC1 /MDd " -o x64\Debug\MHE7_4_gpu.cu.obj "E:\JHUME\c_coding\xcorr2d_V1.0\xcorr2d_V1.0\MHE7_4_gpu.cu" -clean 
     1>CUDACOMPILE : nvcc warning : The 'compute_20', 'sm_20', and 'sm_21' architectures are deprecated, and may be removed in a future release (Use -Wno-deprecated-gpu-targets to suppress warning).
         MHE7_4_gpu.cu
       CudaClean:
         cmd.exe /C "C:\Users\Jian Gao\AppData\Local\Temp\tmp85a489f9054540d7892417ceb9a4db05.cmd"
         "C:\Program Files\NVIDIA GPU Computing Toolkit\CUDA\v8.0\bin\nvcc.exe" -ccbin "C:\Program Files (x86)\Microsoft Visual Studio 12.0\VC\bin\x86_amd64"  -I"C:\Program Files\NVIDIA GPU Computing Toolkit\CUDA\v8.0\include" -I"C:\Program Files\NVIDIA GPU Computing Toolkit\CUDA\v8.0\include"  -G   --keep-dir x64\Debug -maxrregcount=0  --machine 64 --compile   -g   -DWIN32 -D_DEBUG -D_CONSOLE -D_LIB -D_UNICODE -DUNICODE -D_AFXDLL -Xcompiler "/EHsc /W3 /nologo /Od /FS /Zi /RTC1 /MDd " -o x64\Debug\xcorr2d_multi_grid.cu.obj "E:\JHUME\c_coding\xcorr2d_V1.0\xcorr2d_V1.0\xcorr2d_multi_grid.cu" -clean
         
         E:\JHUME\c_coding\xcorr2d_V1.0\xcorr2d_V1.0>"C:\Program Files\NVIDIA GPU Computing Toolkit\CUDA\v8.0\bin\nvcc.exe" -ccbin "C:\Program Files (x86)\Microsoft Visual Studio 12.0\VC\bin\x86_amd64"  -I"C:\Program Files\NVIDIA GPU Computing Toolkit\CUDA\v8.0\include" -I"C:\Program Files\NVIDIA GPU Computing Toolkit\CUDA\v8.0\include"  -G   --keep-dir x64\Debug -maxrregcount=0  --machine 64 --compile   -g   -DWIN32 -D_DEBUG -D_CONSOLE -D_LIB -D_UNICODE -DUNICODE -D_AFXDLL -Xcompiler "/EHsc /W3 /nologo /Od /FS /Zi /RTC1 /MDd " -o x64\Debug\xcorr2d_multi_grid.cu.obj "E:\JHUME\c_coding\xcorr2d_V1.0\xcorr2d_V1.0\xcorr2d_multi_grid.cu" -clean 
     1>CUDACOMPILE : nvcc warning : The 'compute_20', 'sm_20', and 'sm_21' architectures are deprecated, and may be removed in a future release (Use -Wno-deprecated-gpu-targets to suppress warning).
         xcorr2d_multi_grid.cu
       AddCudaCompileDeps:
         C:\Program Files (x86)\Microsoft Visual Studio 12.0\VC\bin\x86_amd64\cl.exe /E /nologo /showIncludes /TP /D__CUDACC__ /DWIN32 /D_DEBUG /D_CONSOLE /D_LIB /D_UNICODE /DUNICODE /D_AFXDLL /I"C:\Program Files\NVIDIA GPU Computing Toolkit\CUDA\v8.0\include" /I"C:\Program Files\NVIDIA GPU Computing Toolkit\CUDA\v8.0\bin" /I"C:\Program Files\NVIDIA GPU Computing Toolkit\CUDA\v8.0\include" /I. /FIcuda_runtime.h /c E:\JHUME\c_coding\xcorr2d_V1.0\xcorr2d_V1.0\gpuinfo.cu 
       AddCudaCompileDeps:
         C:\Program Files (x86)\Microsoft Visual Studio 12.0\VC\bin\x86_amd64\cl.exe /E /nologo /showIncludes /TP /D__CUDACC__ /DWIN32 /D_DEBUG /D_CONSOLE /D_LIB /D_UNICODE /DUNICODE /D_AFXDLL /I"C:\Program Files\NVIDIA GPU Computing Toolkit\CUDA\v8.0\include" /I"C:\Program Files\NVIDIA GPU Computing Toolkit\CUDA\v8.0\bin" /I"C:\Program Files\NVIDIA GPU Computing Toolkit\CUDA\v8.0\include" /I. /FIcuda_runtime.h /c E:\JHUME\c_coding\xcorr2d_V1.0\xcorr2d_V1.0\MHE7_4_gpu.cu 
       AddCudaCompileDeps:
         C:\Program Files (x86)\Microsoft Visual Studio 12.0\VC\bin\x86_amd64\cl.exe /E /nologo /showIncludes /TP /D__CUDACC__ /DWIN32 /D_DEBUG /D_CONSOLE /D_LIB /D_UNICODE /DUNICODE /D_AFXDLL /I"C:\Program Files\NVIDIA GPU Computing Toolkit\CUDA\v8.0\include" /I"C:\Program Files\NVIDIA GPU Computing Toolkit\CUDA\v8.0\bin" /I"C:\Program Files\NVIDIA GPU Computing Toolkit\CUDA\v8.0\include" /I. /FIcuda_runtime.h /c E:\JHUME\c_coding\xcorr2d_V1.0\xcorr2d_V1.0\xcorr2d_multi_grid.cu 
     1>Project "E:\JHUME\c_coding\xcorr2d_V1.0\xcorr2d_V1.0\xcorr2d_V1.0.vcxproj" (1) is building "E:\JHUME\c_coding\xcorr2d_V1.0\xcorr2d_V1.0\xcorr2d_V1.0.vcxproj" (1:2) on node 2 (CudaBuildCore target(s)).
     1>CudaBuildCore:
         Compiling CUDA source file gpuinfo.cu...
     1>Project "E:\JHUME\c_coding\xcorr2d_V1.0\xcorr2d_V1.0\xcorr2d_V1.0.vcxproj" (1) is building "E:\JHUME\c_coding\xcorr2d_V1.0\xcorr2d_V1.0\xcorr2d_V1.0.vcxproj" (1:3) on node 1 (CudaBuildCore target(s)).
     1>CudaBuildCore:
         Compiling CUDA source file MHE7_4_gpu.cu...
     1>CudaBuildCore:
         cmd.exe /C "C:\Users\Jian Gao\AppData\Local\Temp\tmp5653f4a456ee4b7a981520a130cee3c7.cmd"
         "C:\Program Files\NVIDIA GPU Computing Toolkit\CUDA\v8.0\bin\nvcc.exe" -gencode=arch=compute_50,code=\"sm_50,compute_50\" --use-local-env --cl-version 2013 -ccbin "C:\Program Files (x86)\Microsoft Visual Studio 12.0\VC\bin\x86_amd64"  -I"C:\Program Files\NVIDIA GPU Computing Toolkit\CUDA\v8.0\include" -I"C:\Program Files\NVIDIA GPU Computing Toolkit\CUDA\v8.0\include"  -G   --keep-dir x64\Debug -maxrregcount=0  --machine 64 --compile -cudart static  -g   -DWIN32 -D_DEBUG -D_CONSOLE -D_LIB -D_UNICODE -DUNICODE -D_AFXDLL -Xcompiler "/EHsc /W3 /nologo /Od /FS /Zi /RTC1 /MDd " -o x64\Debug\gpuinfo.cu.obj "E:\JHUME\c_coding\xcorr2d_V1.0\xcorr2d_V1.0\gpuinfo.cu"
         
         E:\JHUME\c_coding\xcorr2d_V1.0\xcorr2d_V1.0>"C:\Program Files\NVIDIA GPU Computing Toolkit\CUDA\v8.0\bin\nvcc.exe" -gencode=arch=compute_50,code=\"sm_50,compute_50\" --use-local-env --cl-version 2013 -ccbin "C:\Program Files (x86)\Microsoft Visual Studio 12.0\VC\bin\x86_amd64"  -I"C:\Program Files\NVIDIA GPU Computing Toolkit\CUDA\v8.0\include" -I"C:\Program Files\NVIDIA GPU Computing Toolkit\CUDA\v8.0\include"  -G   --keep-dir x64\Debug -maxrregcount=0  --machine 64 --compile -cudart static  -g   -DWIN32 -D_DEBUG -D_CONSOLE -D_LIB -D_UNICODE -DUNICODE -D_AFXDLL -Xcompiler "/EHsc /W3 /nologo /Od /FS /Zi /RTC1 /MDd " -o x64\Debug\gpuinfo.cu.obj "E:\JHUME\c_coding\xcorr2d_V1.0\xcorr2d_V1.0\gpuinfo.cu" 
     1>CudaBuildCore:
         cmd.exe /C "C:\Users\Jian Gao\AppData\Local\Temp\tmp347e653f157f4209a3ce63d7b7947732.cmd"
         "C:\Program Files\NVIDIA GPU Computing Toolkit\CUDA\v8.0\bin\nvcc.exe" -gencode=arch=compute_50,code=\"sm_50,compute_50\" --use-local-env --cl-version 2013 -ccbin "C:\Program Files (x86)\Microsoft Visual Studio 12.0\VC\bin\x86_amd64"  -I"C:\Program Files\NVIDIA GPU Computing Toolkit\CUDA\v8.0\include" -I"C:\Program Files\NVIDIA GPU Computing Toolkit\CUDA\v8.0\include"  -G   --keep-dir x64\Debug -maxrregcount=0  --machine 64 --compile -cudart static  -g   -DWIN32 -D_DEBUG -D_CONSOLE -D_LIB -D_UNICODE -DUNICODE -D_AFXDLL -Xcompiler "/EHsc /W3 /nologo /Od /FS /Zi /RTC1 /MDd " -o x64\Debug\MHE7_4_gpu.cu.obj "E:\JHUME\c_coding\xcorr2d_V1.0\xcorr2d_V1.0\MHE7_4_gpu.cu"
         
         E:\JHUME\c_coding\xcorr2d_V1.0\xcorr2d_V1.0>"C:\Program Files\NVIDIA GPU Computing Toolkit\CUDA\v8.0\bin\nvcc.exe" -gencode=arch=compute_50,code=\"sm_50,compute_50\" --use-local-env --cl-version 2013 -ccbin "C:\Program Files (x86)\Microsoft Visual Studio 12.0\VC\bin\x86_amd64"  -I"C:\Program Files\NVIDIA GPU Computing Toolkit\CUDA\v8.0\include" -I"C:\Program Files\NVIDIA GPU Computing Toolkit\CUDA\v8.0\include"  -G   --keep-dir x64\Debug -maxrregcount=0  --machine 64 --compile -cudart static  -g   -DWIN32 -D_DEBUG -D_CONSOLE -D_LIB -D_UNICODE -DUNICODE -D_AFXDLL -Xcompiler "/EHsc /W3 /nologo /Od /FS /Zi /RTC1 /MDd " -o x64\Debug\MHE7_4_gpu.cu.obj "E:\JHUME\c_coding\xcorr2d_V1.0\xcorr2d_V1.0\MHE7_4_gpu.cu" 
     1>Project "E:\JHUME\c_coding\xcorr2d_V1.0\xcorr2d_V1.0\xcorr2d_V1.0.vcxproj" (1) is building "E:\JHUME\c_coding\xcorr2d_V1.0\xcorr2d_V1.0\xcorr2d_V1.0.vcxproj" (1:4) on node 3 (CudaBuildCore target(s)).
     1>CudaBuildCore:
         Compiling CUDA source file xcorr2d_multi_grid.cu...
         cmd.exe /C "C:\Users\Jian Gao\AppData\Local\Temp\tmpc7881059f40f48ce83b72c0c3070bcc5.cmd"
         "C:\Program Files\NVIDIA GPU Computing Toolkit\CUDA\v8.0\bin\nvcc.exe" -gencode=arch=compute_50,code=\"sm_50,compute_50\" --use-local-env --cl-version 2013 -ccbin "C:\Program Files (x86)\Microsoft Visual Studio 12.0\VC\bin\x86_amd64"  -I"C:\Program Files\NVIDIA GPU Computing Toolkit\CUDA\v8.0\include" -I"C:\Program Files\NVIDIA GPU Computing Toolkit\CUDA\v8.0\include"  -G   --keep-dir x64\Debug -maxrregcount=0  --machine 64 --compile -cudart static  -g   -DWIN32 -D_DEBUG -D_CONSOLE -D_LIB -D_UNICODE -DUNICODE -D_AFXDLL -Xcompiler "/EHsc /W3 /nologo /Od /FS /Zi /RTC1 /MDd " -o x64\Debug\xcorr2d_multi_grid.cu.obj "E:\JHUME\c_coding\xcorr2d_V1.0\xcorr2d_V1.0\xcorr2d_multi_grid.cu"
         
         E:\JHUME\c_coding\xcorr2d_V1.0\xcorr2d_V1.0>"C:\Program Files\NVIDIA GPU Computing Toolkit\CUDA\v8.0\bin\nvcc.exe" -gencode=arch=compute_50,code=\"sm_50,compute_50\" --use-local-env --cl-version 2013 -ccbin "C:\Program Files (x86)\Microsoft Visual Studio 12.0\VC\bin\x86_amd64"  -I"C:\Program Files\NVIDIA GPU Computing Toolkit\CUDA\v8.0\include" -I"C:\Program Files\NVIDIA GPU Computing Toolkit\CUDA\v8.0\include"  -G   --keep-dir x64\Debug -maxrregcount=0  --machine 64 --compile -cudart static  -g   -DWIN32 -D_DEBUG -D_CONSOLE -D_LIB -D_UNICODE -DUNICODE -D_AFXDLL -Xcompiler "/EHsc /W3 /nologo /Od /FS /Zi /RTC1 /MDd " -o x64\Debug\xcorr2d_multi_grid.cu.obj "E:\JHUME\c_coding\xcorr2d_V1.0\xcorr2d_V1.0\xcorr2d_multi_grid.cu" 
     1>c:\program files\nvidia gpu computing toolkit\cuda\v8.0\include\math_functions.h : warning C4819: The file contains a character that cannot be represented in the current code page (936). Save the file in Unicode format to prevent data loss
     1>c:\program files\nvidia gpu computing toolkit\cuda\v8.0\include\math_functions.h(849): warning C4819: The file contains a character that cannot be represented in the current code page (936). Save the file in Unicode format to prevent data loss
     1>c:\program files\nvidia gpu computing toolkit\cuda\v8.0\include\math_functions.h(1787): warning C4819: The file contains a character that cannot be represented in the current code page (936). Save the file in Unicode format to prevent data loss
     1>c:\program files\nvidia gpu computing toolkit\cuda\v8.0\include\math_functions.h(2637): warning C4819: The file contains a character that cannot be represented in the current code page (936). Save the file in Unicode format to prevent data loss
     1>c:\program files\nvidia gpu computing toolkit\cuda\v8.0\include\math_functions.h(3492): warning C4819: The file contains a character that cannot be represented in the current code page (936). Save the file in Unicode format to prevent data loss
     1>c:\program files\nvidia gpu computing toolkit\cuda\v8.0\include\math_functions.h(4431): warning C4819: The file contains a character that cannot be represented in the current code page (936). Save the file in Unicode format to prevent data loss
     1>c:\program files\nvidia gpu computing toolkit\cuda\v8.0\include\math_functions.h(5345): warning C4819: The file contains a character that cannot be represented in the current code page (936). Save the file in Unicode format to prevent data loss
     1>c:\program files\nvidia gpu computing toolkit\cuda\v8.0\include\math_functions.h(6252): warning C4819: The file contains a character that cannot be represented in the current code page (936). Save the file in Unicode format to prevent data loss
     1>c:\program files\nvidia gpu computing toolkit\cuda\v8.0\include\math_functions.h(7142): warning C4819: The file contains a character that cannot be represented in the current code page (936). Save the file in Unicode format to prevent data loss
     1>c:\program files\nvidia gpu computing toolkit\cuda\v8.0\include\math_functions.h(7956): warning C4819: The file contains a character that cannot be represented in the current code page (936). Save the file in Unicode format to prevent data loss
     1>c:\program files\nvidia gpu computing toolkit\cuda\v8.0\include\device_functions.h : warning C4819: The file contains a character that cannot be represented in the current code page (936). Save the file in Unicode format to prevent data loss
     1>c:\program files\nvidia gpu computing toolkit\cuda\v8.0\include\device_functions.h(774): warning C4819: The file contains a character that cannot be represented in the current code page (936). Save the file in Unicode format to prevent data loss
     1>c:\program files\nvidia gpu computing toolkit\cuda\v8.0\include\device_functions.h(1618): warning C4819: The file contains a character that cannot be represented in the current code page (936). Save the file in Unicode format to prevent data loss
     1>c:\program files\nvidia gpu computing toolkit\cuda\v8.0\include\device_double_functions.h : warning C4819: The file contains a character that cannot be represented in the current code page (936). Save the file in Unicode format to prevent data loss
     1>c:\program files\nvidia gpu computing toolkit\cuda\v8.0\include\sm_20_intrinsics.h : warning C4819: The file contains a character that cannot be represented in the current code page (936). Save the file in Unicode format to prevent data loss
     1>c:\program files\nvidia gpu computing toolkit\cuda\v8.0\include\sm_20_intrinsics.h(943): warning C4819: The file contains a character that cannot be represented in the current code page (936). Save the file in Unicode format to prevent data loss
     1>c:\program files\nvidia gpu computing toolkit\cuda\v8.0\include\math_functions.h : warning C4819: The file contains a character that cannot be represented in the current code page (936). Save the file in Unicode format to prevent data loss
     1>c:\program files\nvidia gpu computing toolkit\cuda\v8.0\include\math_functions.h(849): warning C4819: The file contains a character that cannot be represented in the current code page (936). Save the file in Unicode format to prevent data loss
     1>c:\program files\nvidia gpu computing toolkit\cuda\v8.0\include\math_functions.h(1787): warning C4819: The file contains a character that cannot be represented in the current code page (936). Save the file in Unicode format to prevent data loss
     1>c:\program files\nvidia gpu computing toolkit\cuda\v8.0\include\math_functions.h(2637): warning C4819: The file contains a character that cannot be represented in the current code page (936). Save the file in Unicode format to prevent data loss
     1>c:\program files\nvidia gpu computing toolkit\cuda\v8.0\include\math_functions.h(3492): warning C4819: The file contains a character that cannot be represented in the current code page (936). Save the file in Unicode format to prevent data loss
     1>c:\program files\nvidia gpu computing toolkit\cuda\v8.0\include\math_functions.h(4431): warning C4819: The file contains a character that cannot be represented in the current code page (936). Save the file in Unicode format to prevent data loss
     1>c:\program files\nvidia gpu computing toolkit\cuda\v8.0\include\math_functions.h(5345): warning C4819: The file contains a character that cannot be represented in the current code page (936). Save the file in Unicode format to prevent data loss
     1>c:\program files\nvidia gpu computing toolkit\cuda\v8.0\include\math_functions.h(6252): warning C4819: The file contains a character that cannot be represented in the current code page (936). Save the file in Unicode format to prevent data loss
     1>c:\program files\nvidia gpu computing toolkit\cuda\v8.0\include\math_functions.h(7142): warning C4819: The file contains a character that cannot be represented in the current code page (936). Save the file in Unicode format to prevent data loss
     1>c:\program files\nvidia gpu computing toolkit\cuda\v8.0\include\math_functions.h(7956): warning C4819: The file contains a character that cannot be represented in the current code page (936). Save the file in Unicode format to prevent data loss
     1>c:\program files\nvidia gpu computing toolkit\cuda\v8.0\include\device_functions.h : warning C4819: The file contains a character that cannot be represented in the current code page (936). Save the file in Unicode format to prevent data loss
     1>c:\program files\nvidia gpu computing toolkit\cuda\v8.0\include\device_functions.h(774): warning C4819: The file contains a character that cannot be represented in the current code page (936). Save the file in Unicode format to prevent data loss
     1>c:\program files\nvidia gpu computing toolkit\cuda\v8.0\include\device_functions.h(1618): warning C4819: The file contains a character that cannot be represented in the current code page (936). Save the file in Unicode format to prevent data loss
     1>c:\program files\nvidia gpu computing toolkit\cuda\v8.0\include\device_double_functions.h : warning C4819: The file contains a character that cannot be represented in the current code page (936). Save the file in Unicode format to prevent data loss
     1>c:\program files\nvidia gpu computing toolkit\cuda\v8.0\include\sm_20_intrinsics.h : warning C4819: The file contains a character that cannot be represented in the current code page (936). Save the file in Unicode format to prevent data loss
     1>c:\program files\nvidia gpu computing toolkit\cuda\v8.0\include\sm_20_intrinsics.h(943): warning C4819: The file contains a character that cannot be represented in the current code page (936). Save the file in Unicode format to prevent data loss
     1>E:/JHUME/c_coding/xcorr2d_V1.0/xcorr2d_V1.0/MHE7_4_gpu.cu(133): warning : variable "index_org" was declared but never referenced
     1>c:\program files\nvidia gpu computing toolkit\cuda\v8.0\include\math_functions.h : warning C4819: The file contains a character that cannot be represented in the current code page (936). Save the file in Unicode format to prevent data loss
     1>c:\program files\nvidia gpu computing toolkit\cuda\v8.0\include\math_functions.h(849): warning C4819: The file contains a character that cannot be represented in the current code page (936). Save the file in Unicode format to prevent data loss
     1>c:\program files\nvidia gpu computing toolkit\cuda\v8.0\include\math_functions.h(1787): warning C4819: The file contains a character that cannot be represented in the current code page (936). Save the file in Unicode format to prevent data loss
     1>c:\program files\nvidia gpu computing toolkit\cuda\v8.0\include\math_functions.h(2637): warning C4819: The file contains a character that cannot be represented in the current code page (936). Save the file in Unicode format to prevent data loss
     1>c:\program files\nvidia gpu computing toolkit\cuda\v8.0\include\math_functions.h(3492): warning C4819: The file contains a character that cannot be represented in the current code page (936). Save the file in Unicode format to prevent data loss
     1>c:\program files\nvidia gpu computing toolkit\cuda\v8.0\include\math_functions.h(4431): warning C4819: The file contains a character that cannot be represented in the current code page (936). Save the file in Unicode format to prevent data loss
     1>c:\program files\nvidia gpu computing toolkit\cuda\v8.0\include\math_functions.h(5345): warning C4819: The file contains a character that cannot be represented in the current code page (936). Save the file in Unicode format to prevent data loss
     1>c:\program files\nvidia gpu computing toolkit\cuda\v8.0\include\math_functions.h(6252): warning C4819: The file contains a character that cannot be represented in the current code page (936). Save the file in Unicode format to prevent data loss
     1>c:\program files\nvidia gpu computing toolkit\cuda\v8.0\include\math_functions.h(7142): warning C4819: The file contains a character that cannot be represented in the current code page (936). Save the file in Unicode format to prevent data loss
     1>c:\program files\nvidia gpu computing toolkit\cuda\v8.0\include\math_functions.h(7956): warning C4819: The file contains a character that cannot be represented in the current code page (936). Save the file in Unicode format to prevent data loss
     1>c:\program files\nvidia gpu computing toolkit\cuda\v8.0\include\device_functions.h : warning C4819: The file contains a character that cannot be represented in the current code page (936). Save the file in Unicode format to prevent data loss
     1>c:\program files\nvidia gpu computing toolkit\cuda\v8.0\include\device_functions.h(774): warning C4819: The file contains a character that cannot be represented in the current code page (936). Save the file in Unicode format to prevent data loss
     1>c:\program files\nvidia gpu computing toolkit\cuda\v8.0\include\device_functions.h(1618): warning C4819: The file contains a character that cannot be represented in the current code page (936). Save the file in Unicode format to prevent data loss
     1>c:\program files\nvidia gpu computing toolkit\cuda\v8.0\include\device_double_functions.h : warning C4819: The file contains a character that cannot be represented in the current code page (936). Save the file in Unicode format to prevent data loss
     1>c:\program files\nvidia gpu computing toolkit\cuda\v8.0\include\sm_20_intrinsics.h : warning C4819: The file contains a character that cannot be represented in the current code page (936). Save the file in Unicode format to prevent data loss
     1>c:\program files\nvidia gpu computing toolkit\cuda\v8.0\include\sm_20_intrinsics.h(943): warning C4819: The file contains a character that cannot be represented in the current code page (936). Save the file in Unicode format to prevent data loss
     1>c:\program files\nvidia gpu computing toolkit\cuda\v8.0\include\math_functions.h : warning C4819: The file contains a character that cannot be represented in the current code page (936). Save the file in Unicode format to prevent data loss
     1>c:\program files\nvidia gpu computing toolkit\cuda\v8.0\include\math_functions.h(849): warning C4819: The file contains a character that cannot be represented in the current code page (936). Save the file in Unicode format to prevent data loss
     1>c:\program files\nvidia gpu computing toolkit\cuda\v8.0\include\math_functions.h(1787): warning C4819: The file contains a character that cannot be represented in the current code page (936). Save the file in Unicode format to prevent data loss
     1>c:\program files\nvidia gpu computing toolkit\cuda\v8.0\include\math_functions.h(2637): warning C4819: The file contains a character that cannot be represented in the current code page (936). Save the file in Unicode format to prevent data loss
     1>c:\program files\nvidia gpu computing toolkit\cuda\v8.0\include\math_functions.h(3492): warning C4819: The file contains a character that cannot be represented in the current code page (936). Save the file in Unicode format to prevent data loss
     1>c:\program files\nvidia gpu computing toolkit\cuda\v8.0\include\math_functions.h(4431): warning C4819: The file contains a character that cannot be represented in the current code page (936). Save the file in Unicode format to prevent data loss
     1>c:\program files\nvidia gpu computing toolkit\cuda\v8.0\include\math_functions.h(5345): warning C4819: The file contains a character that cannot be represented in the current code page (936). Save the file in Unicode format to prevent data loss
     1>c:\program files\nvidia gpu computing toolkit\cuda\v8.0\include\math_functions.h(6252): warning C4819: The file contains a character that cannot be represented in the current code page (936). Save the file in Unicode format to prevent data loss
     1>c:\program files\nvidia gpu computing toolkit\cuda\v8.0\include\math_functions.h(7142): warning C4819: The file contains a character that cannot be represented in the current code page (936). Save the file in Unicode format to prevent data loss
     1>c:\program files\nvidia gpu computing toolkit\cuda\v8.0\include\math_functions.h(7956): warning C4819: The file contains a character that cannot be represented in the current code page (936). Save the file in Unicode format to prevent data loss
     1>c:\program files\nvidia gpu computing toolkit\cuda\v8.0\include\device_functions.h : warning C4819: The file contains a character that cannot be represented in the current code page (936). Save the file in Unicode format to prevent data loss
     1>c:\program files\nvidia gpu computing toolkit\cuda\v8.0\include\device_functions.h(774): warning C4819: The file contains a character that cannot be represented in the current code page (936). Save the file in Unicode format to prevent data loss
     1>c:\program files\nvidia gpu computing toolkit\cuda\v8.0\include\device_functions.h(1618): warning C4819: The file contains a character that cannot be represented in the current code page (936). Save the file in Unicode format to prevent data loss
     1>c:\program files\nvidia gpu computing toolkit\cuda\v8.0\include\device_double_functions.h : warning C4819: The file contains a character that cannot be represented in the current code page (936). Save the file in Unicode format to prevent data loss
     1>c:\program files\nvidia gpu computing toolkit\cuda\v8.0\include\sm_20_intrinsics.h : warning C4819: The file contains a character that cannot be represented in the current code page (936). Save the file in Unicode format to prevent data loss
     1>c:\program files\nvidia gpu computing toolkit\cuda\v8.0\include\sm_20_intrinsics.h(943): warning C4819: The file contains a character that cannot be represented in the current code page (936). Save the file in Unicode format to prevent data loss
     1>c:\program files\nvidia gpu computing toolkit\cuda\v8.0\include\math_functions.h : warning C4819: The file contains a character that cannot be represented in the current code page (936). Save the file in Unicode format to prevent data loss
     1>c:\program files\nvidia gpu computing toolkit\cuda\v8.0\include\math_functions.h(849): warning C4819: The file contains a character that cannot be represented in the current code page (936). Save the file in Unicode format to prevent data loss
     1>c:\program files\nvidia gpu computing toolkit\cuda\v8.0\include\math_functions.h(1787): warning C4819: The file contains a character that cannot be represented in the current code page (936). Save the file in Unicode format to prevent data loss
     1>c:\program files\nvidia gpu computing toolkit\cuda\v8.0\include\math_functions.h(2637): warning C4819: The file contains a character that cannot be represented in the current code page (936). Save the file in Unicode format to prevent data loss
     1>c:\program files\nvidia gpu computing toolkit\cuda\v8.0\include\math_functions.h(3492): warning C4819: The file contains a character that cannot be represented in the current code page (936). Save the file in Unicode format to prevent data loss
     1>c:\program files\nvidia gpu computing toolkit\cuda\v8.0\include\math_functions.h(4431): warning C4819: The file contains a character that cannot be represented in the current code page (936). Save the file in Unicode format to prevent data loss
     1>c:\program files\nvidia gpu computing toolkit\cuda\v8.0\include\math_functions.h(5345): warning C4819: The file contains a character that cannot be represented in the current code page (936). Save the file in Unicode format to prevent data loss
     1>c:\program files\nvidia gpu computing toolkit\cuda\v8.0\include\math_functions.h(6252): warning C4819: The file contains a character that cannot be represented in the current code page (936). Save the file in Unicode format to prevent data loss
     1>c:\program files\nvidia gpu computing toolkit\cuda\v8.0\include\math_functions.h(7142): warning C4819: The file contains a character that cannot be represented in the current code page (936). Save the file in Unicode format to prevent data loss
     1>c:\program files\nvidia gpu computing toolkit\cuda\v8.0\include\math_functions.h(7956): warning C4819: The file contains a character that cannot be represented in the current code page (936). Save the file in Unicode format to prevent data loss
     1>c:\program files\nvidia gpu computing toolkit\cuda\v8.0\include\device_functions.h : warning C4819: The file contains a character that cannot be represented in the current code page (936). Save the file in Unicode format to prevent data loss
     1>c:\program files\nvidia gpu computing toolkit\cuda\v8.0\include\device_functions.h(774): warning C4819: The file contains a character that cannot be represented in the current code page (936). Save the file in Unicode format to prevent data loss
     1>c:\program files\nvidia gpu computing toolkit\cuda\v8.0\include\device_functions.h(1618): warning C4819: The file contains a character that cannot be represented in the current code page (936). Save the file in Unicode format to prevent data loss
     1>c:\program files\nvidia gpu computing toolkit\cuda\v8.0\include\device_double_functions.h : warning C4819: The file contains a character that cannot be represented in the current code page (936). Save the file in Unicode format to prevent data loss
     1>c:\program files\nvidia gpu computing toolkit\cuda\v8.0\include\sm_20_intrinsics.h : warning C4819: The file contains a character that cannot be represented in the current code page (936). Save the file in Unicode format to prevent data loss
     1>c:\program files\nvidia gpu computing toolkit\cuda\v8.0\include\sm_20_intrinsics.h(943): warning C4819: The file contains a character that cannot be represented in the current code page (936). Save the file in Unicode format to prevent data loss
     1>E:/JHUME/c_coding/xcorr2d_V1.0/xcorr2d_V1.0/MHE7_4_gpu.cu(133): warning : variable "index_org" was declared but never referenced
     1>c:\program files\nvidia gpu computing toolkit\cuda\v8.0\include\math_functions.h : warning C4819: The file contains a character that cannot be represented in the current code page (936). Save the file in Unicode format to prevent data loss
     1>c:\program files\nvidia gpu computing toolkit\cuda\v8.0\include\math_functions.h(849): warning C4819: The file contains a character that cannot be represented in the current code page (936). Save the file in Unicode format to prevent data loss
     1>c:\program files\nvidia gpu computing toolkit\cuda\v8.0\include\math_functions.h(1787): warning C4819: The file contains a character that cannot be represented in the current code page (936). Save the file in Unicode format to prevent data loss
     1>c:\program files\nvidia gpu computing toolkit\cuda\v8.0\include\math_functions.h(2637): warning C4819: The file contains a character that cannot be represented in the current code page (936). Save the file in Unicode format to prevent data loss
     1>c:\program files\nvidia gpu computing toolkit\cuda\v8.0\include\math_functions.h(3492): warning C4819: The file contains a character that cannot be represented in the current code page (936). Save the file in Unicode format to prevent data loss
     1>c:\program files\nvidia gpu computing toolkit\cuda\v8.0\include\math_functions.h(4431): warning C4819: The file contains a character that cannot be represented in the current code page (936). Save the file in Unicode format to prevent data loss
     1>c:\program files\nvidia gpu computing toolkit\cuda\v8.0\include\math_functions.h(5345): warning C4819: The file contains a character that cannot be represented in the current code page (936). Save the file in Unicode format to prevent data loss
     1>c:\program files\nvidia gpu computing toolkit\cuda\v8.0\include\math_functions.h(6252): warning C4819: The file contains a character that cannot be represented in the current code page (936). Save the file in Unicode format to prevent data loss
     1>c:\program files\nvidia gpu computing toolkit\cuda\v8.0\include\math_functions.h(7142): warning C4819: The file contains a character that cannot be represented in the current code page (936). Save the file in Unicode format to prevent data loss
     1>c:\program files\nvidia gpu computing toolkit\cuda\v8.0\include\math_functions.h(7956): warning C4819: The file contains a character that cannot be represented in the current code page (936). Save the file in Unicode format to prevent data loss
     1>c:\program files\nvidia gpu computing toolkit\cuda\v8.0\include\math_functions.h : warning C4819: The file contains a character that cannot be represented in the current code page (936). Save the file in Unicode format to prevent data loss
     1>c:\program files\nvidia gpu computing toolkit\cuda\v8.0\include\math_functions.h(849): warning C4819: The file contains a character that cannot be represented in the current code page (936). Save the file in Unicode format to prevent data loss
     1>c:\program files\nvidia gpu computing toolkit\cuda\v8.0\include\math_functions.h(1787): warning C4819: The file contains a character that cannot be represented in the current code page (936). Save the file in Unicode format to prevent data loss
     1>c:\program files\nvidia gpu computing toolkit\cuda\v8.0\include\math_functions.h(2637): warning C4819: The file contains a character that cannot be represented in the current code page (936). Save the file in Unicode format to prevent data loss
     1>c:\program files\nvidia gpu computing toolkit\cuda\v8.0\include\math_functions.h(3492): warning C4819: The file contains a character that cannot be represented in the current code page (936). Save the file in Unicode format to prevent data loss
     1>c:\program files\nvidia gpu computing toolkit\cuda\v8.0\include\math_functions.h(4431): warning C4819: The file contains a character that cannot be represented in the current code page (936). Save the file in Unicode format to prevent data loss
     1>c:\program files\nvidia gpu computing toolkit\cuda\v8.0\include\math_functions.h(5345): warning C4819: The file contains a character that cannot be represented in the current code page (936). Save the file in Unicode format to prevent data loss
     1>c:\program files\nvidia gpu computing toolkit\cuda\v8.0\include\math_functions.h(6252): warning C4819: The file contains a character that cannot be represented in the current code page (936). Save the file in Unicode format to prevent data loss
     1>c:\program files\nvidia gpu computing toolkit\cuda\v8.0\include\math_functions.h(7142): warning C4819: The file contains a character that cannot be represented in the current code page (936). Save the file in Unicode format to prevent data loss
     1>c:\program files\nvidia gpu computing toolkit\cuda\v8.0\include\math_functions.h(7956): warning C4819: The file contains a character that cannot be represented in the current code page (936). Save the file in Unicode format to prevent data loss
     1>c:\program files\nvidia gpu computing toolkit\cuda\v8.0\include\math_functions.h : warning C4819: The file contains a character that cannot be represented in the current code page (936). Save the file in Unicode format to prevent data loss
     1>c:\program files\nvidia gpu computing toolkit\cuda\v8.0\include\math_functions.h(849): warning C4819: The file contains a character that cannot be represented in the current code page (936). Save the file in Unicode format to prevent data loss
     1>c:\program files\nvidia gpu computing toolkit\cuda\v8.0\include\math_functions.h(1787): warning C4819: The file contains a character that cannot be represented in the current code page (936). Save the file in Unicode format to prevent data loss
     1>c:\program files\nvidia gpu computing toolkit\cuda\v8.0\include\math_functions.h(2637): warning C4819: The file contains a character that cannot be represented in the current code page (936). Save the file in Unicode format to prevent data loss
     1>c:\program files\nvidia gpu computing toolkit\cuda\v8.0\include\math_functions.h(3492): warning C4819: The file contains a character that cannot be represented in the current code page (936). Save the file in Unicode format to prevent data loss
     1>c:\program files\nvidia gpu computing toolkit\cuda\v8.0\include\math_functions.h(4431): warning C4819: The file contains a character that cannot be represented in the current code page (936). Save the file in Unicode format to prevent data loss
     1>c:\program files\nvidia gpu computing toolkit\cuda\v8.0\include\math_functions.h(5345): warning C4819: The file contains a character that cannot be represented in the current code page (936). Save the file in Unicode format to prevent data loss
     1>c:\program files\nvidia gpu computing toolkit\cuda\v8.0\include\math_functions.h(6252): warning C4819: The file contains a character that cannot be represented in the current code page (936). Save the file in Unicode format to prevent data loss
     1>c:\program files\nvidia gpu computing toolkit\cuda\v8.0\include\math_functions.h(7142): warning C4819: The file contains a character that cannot be represented in the current code page (936). Save the file in Unicode format to prevent data loss
     1>c:\program files\nvidia gpu computing toolkit\cuda\v8.0\include\math_functions.h(7956): warning C4819: The file contains a character that cannot be represented in the current code page (936). Save the file in Unicode format to prevent data loss
     1>c:\program files\nvidia gpu computing toolkit\cuda\v8.0\include\device_functions_decls.h : warning C4819: The file contains a character that cannot be represented in the current code page (936). Save the file in Unicode format to prevent data loss
     1>c:\program files\nvidia gpu computing toolkit\cuda\v8.0\include\device_functions_decls.h(910): warning C4819: The file contains a character that cannot be represented in the current code page (936). Save the file in Unicode format to prevent data loss
     1>c:\program files\nvidia gpu computing toolkit\cuda\v8.0\include\device_functions_decls.h(1903): warning C4819: The file contains a character that cannot be represented in the current code page (936). Save the file in Unicode format to prevent data loss
     1>c:\program files\nvidia gpu computing toolkit\cuda\v8.0\include\device_functions_decls.h(2843): warning C4819: The file contains a character that cannot be represented in the current code page (936). Save the file in Unicode format to prevent data loss
     1>c:\program files\nvidia gpu computing toolkit\cuda\v8.0\include\device_functions_decls.h(3779): warning C4819: The file contains a character that cannot be represented in the current code page (936). Save the file in Unicode format to prevent data loss
     1>c:\program files\nvidia gpu computing toolkit\cuda\v8.0\include\device_functions_decls.h(4721): warning C4819: The file contains a character that cannot be represented in the current code page (936). Save the file in Unicode format to prevent data loss
     1>c:\program files\nvidia gpu computing toolkit\cuda\v8.0\include\device_functions_decls.h(5723): warning C4819: The file contains a character that cannot be represented in the current code page (936). Save the file in Unicode format to prevent data loss
     1>c:\program files\nvidia gpu computing toolkit\cuda\v8.0\include\device_functions_decls.h(6682): warning C4819: The file contains a character that cannot be represented in the current code page (936). Save the file in Unicode format to prevent data loss
     1>c:\program files\nvidia gpu computing toolkit\cuda\v8.0\include\device_functions_decls.h(7610): warning C4819: The file contains a character that cannot be represented in the current code page (936). Save the file in Unicode format to prevent data loss
     1>c:\program files\nvidia gpu computing toolkit\cuda\v8.0\include\device_functions_decls.h(8543): warning C4819: The file contains a character that cannot be represented in the current code page (936). Save the file in Unicode format to prevent data loss
     1>c:\program files\nvidia gpu computing toolkit\cuda\v8.0\include\device_functions_decls.h(9413): warning C4819: The file contains a character that cannot be represented in the current code page (936). Save the file in Unicode format to prevent data loss
     1>c:\program files\nvidia gpu computing toolkit\cuda\v8.0\include\device_functions_decls.h(10391): warning C4819: The file contains a character that cannot be represented in the current code page (936). Save the file in Unicode format to prevent data loss
     1>c:\program files\nvidia gpu computing toolkit\cuda\v8.0\include\device_functions_decls.h(11435): warning C4819: The file contains a character that cannot be represented in the current code page (936). Save the file in Unicode format to prevent data loss
     1>c:\program files\nvidia gpu computing toolkit\cuda\v8.0\include\device_functions.h : warning C4819: The file contains a character that cannot be represented in the current code page (936). Save the file in Unicode format to prevent data loss
     1>c:\program files\nvidia gpu computing toolkit\cuda\v8.0\include\device_functions.h(774): warning C4819: The file contains a character that cannot be represented in the current code page (936). Save the file in Unicode format to prevent data loss
     1>c:\program files\nvidia gpu computing toolkit\cuda\v8.0\include\device_functions.h(1618): warning C4819: The file contains a character that cannot be represented in the current code page (936). Save the file in Unicode format to prevent data loss
     1>c:\program files\nvidia gpu computing toolkit\cuda\v8.0\include\device_double_functions.h : warning C4819: The file contains a character that cannot be represented in the current code page (936). Save the file in Unicode format to prevent data loss
     1>c:\program files\nvidia gpu computing toolkit\cuda\v8.0\include\sm_20_intrinsics.h : warning C4819: The file contains a character that cannot be represented in the current code page (936). Save the file in Unicode format to prevent data loss
     1>c:\program files\nvidia gpu computing toolkit\cuda\v8.0\include\sm_20_intrinsics.h(943): warning C4819: The file contains a character that cannot be represented in the current code page (936). Save the file in Unicode format to prevent data loss
     1>c:\program files\nvidia gpu computing toolkit\cuda\v8.0\include\math_functions.h : warning C4819: The file contains a character that cannot be represented in the current code page (936). Save the file in Unicode format to prevent data loss
     1>c:\program files\nvidia gpu computing toolkit\cuda\v8.0\include\math_functions.h(849): warning C4819: The file contains a character that cannot be represented in the current code page (936). Save the file in Unicode format to prevent data loss
     1>c:\program files\nvidia gpu computing toolkit\cuda\v8.0\include\math_functions.h(1787): warning C4819: The file contains a character that cannot be represented in the current code page (936). Save the file in Unicode format to prevent data loss
     1>c:\program files\nvidia gpu computing toolkit\cuda\v8.0\include\math_functions.h(2637): warning C4819: The file contains a character that cannot be represented in the current code page (936). Save the file in Unicode format to prevent data loss
     1>c:\program files\nvidia gpu computing toolkit\cuda\v8.0\include\math_functions.h(3492): warning C4819: The file contains a character that cannot be represented in the current code page (936). Save the file in Unicode format to prevent data loss
     1>c:\program files\nvidia gpu computing toolkit\cuda\v8.0\include\math_functions.h(4431): warning C4819: The file contains a character that cannot be represented in the current code page (936). Save the file in Unicode format to prevent data loss
     1>c:\program files\nvidia gpu computing toolkit\cuda\v8.0\include\math_functions.h(5345): warning C4819: The file contains a character that cannot be represented in the current code page (936). Save the file in Unicode format to prevent data loss
     1>c:\program files\nvidia gpu computing toolkit\cuda\v8.0\include\math_functions.h(6252): warning C4819: The file contains a character that cannot be represented in the current code page (936). Save the file in Unicode format to prevent data loss
     1>c:\program files\nvidia gpu computing toolkit\cuda\v8.0\include\math_functions.h(7142): warning C4819: The file contains a character that cannot be represented in the current code page (936). Save the file in Unicode format to prevent data loss
     1>c:\program files\nvidia gpu computing toolkit\cuda\v8.0\include\math_functions.h(7956): warning C4819: The file contains a character that cannot be represented in the current code page (936). Save the file in Unicode format to prevent data loss
     1>c:\program files\nvidia gpu computing toolkit\cuda\v8.0\include\device_functions_decls.h : warning C4819: The file contains a character that cannot be represented in the current code page (936). Save the file in Unicode format to prevent data loss
     1>c:\program files\nvidia gpu computing toolkit\cuda\v8.0\include\device_functions_decls.h(910): warning C4819: The file contains a character that cannot be represented in the current code page (936). Save the file in Unicode format to prevent data loss
     1>c:\program files\nvidia gpu computing toolkit\cuda\v8.0\include\device_functions_decls.h(1903): warning C4819: The file contains a character that cannot be represented in the current code page (936). Save the file in Unicode format to prevent data loss
     1>c:\program files\nvidia gpu computing toolkit\cuda\v8.0\include\device_functions_decls.h(2843): warning C4819: The file contains a character that cannot be represented in the current code page (936). Save the file in Unicode format to prevent data loss
     1>c:\program files\nvidia gpu computing toolkit\cuda\v8.0\include\device_functions_decls.h(3779): warning C4819: The file contains a character that cannot be represented in the current code page (936). Save the file in Unicode format to prevent data loss
     1>c:\program files\nvidia gpu computing toolkit\cuda\v8.0\include\device_functions_decls.h(4721): warning C4819: The file contains a character that cannot be represented in the current code page (936). Save the file in Unicode format to prevent data loss
     1>c:\program files\nvidia gpu computing toolkit\cuda\v8.0\include\device_functions_decls.h(5723): warning C4819: The file contains a character that cannot be represented in the current code page (936). Save the file in Unicode format to prevent data loss
     1>c:\program files\nvidia gpu computing toolkit\cuda\v8.0\include\device_functions_decls.h(6682): warning C4819: The file contains a character that cannot be represented in the current code page (936). Save the file in Unicode format to prevent data loss
     1>c:\program files\nvidia gpu computing toolkit\cuda\v8.0\include\device_functions_decls.h(7610): warning C4819: The file contains a character that cannot be represented in the current code page (936). Save the file in Unicode format to prevent data loss
     1>c:\program files\nvidia gpu computing toolkit\cuda\v8.0\include\device_functions_decls.h(8543): warning C4819: The file contains a character that cannot be represented in the current code page (936). Save the file in Unicode format to prevent data loss
     1>c:\program files\nvidia gpu computing toolkit\cuda\v8.0\include\device_functions_decls.h(9413): warning C4819: The file contains a character that cannot be represented in the current code page (936). Save the file in Unicode format to prevent data loss
     1>c:\program files\nvidia gpu computing toolkit\cuda\v8.0\include\device_functions_decls.h(10391): warning C4819: The file contains a character that cannot be represented in the current code page (936). Save the file in Unicode format to prevent data loss
     1>c:\program files\nvidia gpu computing toolkit\cuda\v8.0\include\device_functions_decls.h(11435): warning C4819: The file contains a character that cannot be represented in the current code page (936). Save the file in Unicode format to prevent data loss
     1>c:\program files\nvidia gpu computing toolkit\cuda\v8.0\include\device_functions.h : warning C4819: The file contains a character that cannot be represented in the current code page (936). Save the file in Unicode format to prevent data loss
     1>c:\program files\nvidia gpu computing toolkit\cuda\v8.0\include\device_functions.h(774): warning C4819: The file contains a character that cannot be represented in the current code page (936). Save the file in Unicode format to prevent data loss
     1>c:\program files\nvidia gpu computing toolkit\cuda\v8.0\include\device_functions.h(1618): warning C4819: The file contains a character that cannot be represented in the current code page (936). Save the file in Unicode format to prevent data loss
     1>c:\program files\nvidia gpu computing toolkit\cuda\v8.0\include\device_double_functions.h : warning C4819: The file contains a character that cannot be represented in the current code page (936). Save the file in Unicode format to prevent data loss
     1>c:\program files\nvidia gpu computing toolkit\cuda\v8.0\include\sm_20_intrinsics.h : warning C4819: The file contains a character that cannot be represented in the current code page (936). Save the file in Unicode format to prevent data loss
     1>c:\program files\nvidia gpu computing toolkit\cuda\v8.0\include\sm_20_intrinsics.h(943): warning C4819: The file contains a character that cannot be represented in the current code page (936). Save the file in Unicode format to prevent data loss
     1>E:/JHUME/c_coding/xcorr2d_V1.0/xcorr2d_V1.0/xcorr2d_multi_grid.cu(720): warning : variable "i" was declared but never referenced
     1>E:/JHUME/c_coding/xcorr2d_V1.0/xcorr2d_V1.0/xcorr2d_multi_grid.cu(1286): warning : variable "j" was declared but never referenced
     1>E:/JHUME/c_coding/xcorr2d_V1.0/xcorr2d_V1.0/xcorr2d_multi_grid.cu(1622): warning : variable "j" was declared but never referenced
     1>c:\program files\nvidia gpu computing toolkit\cuda\v8.0\include\math_functions.h : warning C4819: The file contains a character that cannot be represented in the current code page (936). Save the file in Unicode format to prevent data loss
     1>c:\program files\nvidia gpu computing toolkit\cuda\v8.0\include\math_functions.h(849): warning C4819: The file contains a character that cannot be represented in the current code page (936). Save the file in Unicode format to prevent data loss
     1>c:\program files\nvidia gpu computing toolkit\cuda\v8.0\include\math_functions.h(1787): warning C4819: The file contains a character that cannot be represented in the current code page (936). Save the file in Unicode format to prevent data loss
     1>c:\program files\nvidia gpu computing toolkit\cuda\v8.0\include\math_functions.h(2637): warning C4819: The file contains a character that cannot be represented in the current code page (936). Save the file in Unicode format to prevent data loss
     1>c:\program files\nvidia gpu computing toolkit\cuda\v8.0\include\math_functions.h(3492): warning C4819: The file contains a character that cannot be represented in the current code page (936). Save the file in Unicode format to prevent data loss
     1>c:\program files\nvidia gpu computing toolkit\cuda\v8.0\include\math_functions.h(4431): warning C4819: The file contains a character that cannot be represented in the current code page (936). Save the file in Unicode format to prevent data loss
     1>c:\program files\nvidia gpu computing toolkit\cuda\v8.0\include\math_functions.h(5345): warning C4819: The file contains a character that cannot be represented in the current code page (936). Save the file in Unicode format to prevent data loss
     1>c:\program files\nvidia gpu computing toolkit\cuda\v8.0\include\math_functions.h(6252): warning C4819: The file contains a character that cannot be represented in the current code page (936). Save the file in Unicode format to prevent data loss
     1>c:\program files\nvidia gpu computing toolkit\cuda\v8.0\include\math_functions.h(7142): warning C4819: The file contains a character that cannot be represented in the current code page (936). Save the file in Unicode format to prevent data loss
     1>c:\program files\nvidia gpu computing toolkit\cuda\v8.0\include\math_functions.h(7956): warning C4819: The file contains a character that cannot be represented in the current code page (936). Save the file in Unicode format to prevent data loss
         gpuinfo.cu
     1>c:\program files\nvidia gpu computing toolkit\cuda\v8.0\include\math_functions.h : warning C4819: The file contains a character that cannot be represented in the current code page (936). Save the file in Unicode format to prevent data loss
     1>c:\program files\nvidia gpu computing toolkit\cuda\v8.0\include\math_functions.h(849): warning C4819: The file contains a character that cannot be represented in the current code page (936). Save the file in Unicode format to prevent data loss
     1>c:\program files\nvidia gpu computing toolkit\cuda\v8.0\include\math_functions.h(1787): warning C4819: The file contains a character that cannot be represented in the current code page (936). Save the file in Unicode format to prevent data loss
     1>c:\program files\nvidia gpu computing toolkit\cuda\v8.0\include\math_functions.h(2637): warning C4819: The file contains a character that cannot be represented in the current code page (936). Save the file in Unicode format to prevent data loss
     1>c:\program files\nvidia gpu computing toolkit\cuda\v8.0\include\math_functions.h(3492): warning C4819: The file contains a character that cannot be represented in the current code page (936). Save the file in Unicode format to prevent data loss
     1>c:\program files\nvidia gpu computing toolkit\cuda\v8.0\include\math_functions.h(4431): warning C4819: The file contains a character that cannot be represented in the current code page (936). Save the file in Unicode format to prevent data loss
     1>c:\program files\nvidia gpu computing toolkit\cuda\v8.0\include\math_functions.h(5345): warning C4819: The file contains a character that cannot be represented in the current code page (936). Save the file in Unicode format to prevent data loss
     1>c:\program files\nvidia gpu computing toolkit\cuda\v8.0\include\math_functions.h(6252): warning C4819: The file contains a character that cannot be represented in the current code page (936). Save the file in Unicode format to prevent data loss
     1>c:\program files\nvidia gpu computing toolkit\cuda\v8.0\include\math_functions.h(7142): warning C4819: The file contains a character that cannot be represented in the current code page (936). Save the file in Unicode format to prevent data loss
     1>c:\program files\nvidia gpu computing toolkit\cuda\v8.0\include\math_functions.h(7956): warning C4819: The file contains a character that cannot be represented in the current code page (936). Save the file in Unicode format to prevent data loss
         MHE7_4_gpu.cu
     1>c:\program files\nvidia gpu computing toolkit\cuda\v8.0\include\math_functions.h : warning C4819: The file contains a character that cannot be represented in the current code page (936). Save the file in Unicode format to prevent data loss
     1>c:\program files\nvidia gpu computing toolkit\cuda\v8.0\include\math_functions.h(849): warning C4819: The file contains a character that cannot be represented in the current code page (936). Save the file in Unicode format to prevent data loss
     1>c:\program files\nvidia gpu computing toolkit\cuda\v8.0\include\math_functions.h(1787): warning C4819: The file contains a character that cannot be represented in the current code page (936). Save the file in Unicode format to prevent data loss
     1>c:\program files\nvidia gpu computing toolkit\cuda\v8.0\include\math_functions.h(2637): warning C4819: The file contains a character that cannot be represented in the current code page (936). Save the file in Unicode format to prevent data loss
     1>c:\program files\nvidia gpu computing toolkit\cuda\v8.0\include\math_functions.h(3492): warning C4819: The file contains a character that cannot be represented in the current code page (936). Save the file in Unicode format to prevent data loss
     1>c:\program files\nvidia gpu computing toolkit\cuda\v8.0\include\math_functions.h(4431): warning C4819: The file contains a character that cannot be represented in the current code page (936). Save the file in Unicode format to prevent data loss
     1>c:\program files\nvidia gpu computing toolkit\cuda\v8.0\include\math_functions.h(5345): warning C4819: The file contains a character that cannot be represented in the current code page (936). Save the file in Unicode format to prevent data loss
     1>c:\program files\nvidia gpu computing toolkit\cuda\v8.0\include\math_functions.h(6252): warning C4819: The file contains a character that cannot be represented in the current code page (936). Save the file in Unicode format to prevent data loss
     1>c:\program files\nvidia gpu computing toolkit\cuda\v8.0\include\math_functions.h(7142): warning C4819: The file contains a character that cannot be represented in the current code page (936). Save the file in Unicode format to prevent data loss
     1>c:\program files\nvidia gpu computing toolkit\cuda\v8.0\include\math_functions.h(7956): warning C4819: The file contains a character that cannot be represented in the current code page (936). Save the file in Unicode format to prevent data loss
     1>c:\program files\nvidia gpu computing toolkit\cuda\v8.0\include\device_functions.h : warning C4819: The file contains a character that cannot be represented in the current code page (936). Save the file in Unicode format to prevent data loss
     1>c:\program files\nvidia gpu computing toolkit\cuda\v8.0\include\device_functions.h(774): warning C4819: The file contains a character that cannot be represented in the current code page (936). Save the file in Unicode format to prevent data loss
     1>c:\program files\nvidia gpu computing toolkit\cuda\v8.0\include\device_functions.h(1618): warning C4819: The file contains a character that cannot be represented in the current code page (936). Save the file in Unicode format to prevent data loss
     1>c:\program files\nvidia gpu computing toolkit\cuda\v8.0\include\device_double_functions.h : warning C4819: The file contains a character that cannot be represented in the current code page (936). Save the file in Unicode format to prevent data loss
     1>c:\program files\nvidia gpu computing toolkit\cuda\v8.0\include\sm_20_intrinsics.h : warning C4819: The file contains a character that cannot be represented in the current code page (936). Save the file in Unicode format to prevent data loss
     1>c:\program files\nvidia gpu computing toolkit\cuda\v8.0\include\sm_20_intrinsics.h(943): warning C4819: The file contains a character that cannot be represented in the current code page (936). Save the file in Unicode format to prevent data loss
     1>E:/JHUME/c_coding/xcorr2d_V1.0/xcorr2d_V1.0/gpuinfo.cu(78): warning C4244: '=' : conversion from 'double' to 'float', possible loss of data
     1>E:/JHUME/c_coding/xcorr2d_V1.0/xcorr2d_V1.0/gpuinfo.cu(79): warning C4244: '=' : conversion from 'double' to 'float', possible loss of data
     1>Done Building Project "E:\JHUME\c_coding\xcorr2d_V1.0\xcorr2d_V1.0\xcorr2d_V1.0.vcxproj" (CudaBuildCore target(s)).
     1>Done Building Project "E:\JHUME\c_coding\xcorr2d_V1.0\xcorr2d_V1.0\xcorr2d_V1.0.vcxproj" (CudaBuildCore target(s)).
     1>E:/JHUME/c_coding/xcorr2d_V1.0/xcorr2d_V1.0/xcorr2d_multi_grid.cu(720): warning : variable "i" was declared but never referenced
     1>E:/JHUME/c_coding/xcorr2d_V1.0/xcorr2d_V1.0/xcorr2d_multi_grid.cu(1286): warning : variable "j" was declared but never referenced
     1>E:/JHUME/c_coding/xcorr2d_V1.0/xcorr2d_V1.0/xcorr2d_multi_grid.cu(1622): warning : variable "j" was declared but never referenced
     1>c:\program files\nvidia gpu computing toolkit\cuda\v8.0\include\math_functions.h : warning C4819: The file contains a character that cannot be represented in the current code page (936). Save the file in Unicode format to prevent data loss
     1>c:\program files\nvidia gpu computing toolkit\cuda\v8.0\include\math_functions.h(849): warning C4819: The file contains a character that cannot be represented in the current code page (936). Save the file in Unicode format to prevent data loss
     1>c:\program files\nvidia gpu computing toolkit\cuda\v8.0\include\math_functions.h(1787): warning C4819: The file contains a character that cannot be represented in the current code page (936). Save the file in Unicode format to prevent data loss
     1>c:\program files\nvidia gpu computing toolkit\cuda\v8.0\include\math_functions.h(2637): warning C4819: The file contains a character that cannot be represented in the current code page (936). Save the file in Unicode format to prevent data loss
     1>c:\program files\nvidia gpu computing toolkit\cuda\v8.0\include\math_functions.h(3492): warning C4819: The file contains a character that cannot be represented in the current code page (936). Save the file in Unicode format to prevent data loss
     1>c:\program files\nvidia gpu computing toolkit\cuda\v8.0\include\math_functions.h(4431): warning C4819: The file contains a character that cannot be represented in the current code page (936). Save the file in Unicode format to prevent data loss
     1>c:\program files\nvidia gpu computing toolkit\cuda\v8.0\include\math_functions.h(5345): warning C4819: The file contains a character that cannot be represented in the current code page (936). Save the file in Unicode format to prevent data loss
     1>c:\program files\nvidia gpu computing toolkit\cuda\v8.0\include\math_functions.h(6252): warning C4819: The file contains a character that cannot be represented in the current code page (936). Save the file in Unicode format to prevent data loss
     1>c:\program files\nvidia gpu computing toolkit\cuda\v8.0\include\math_functions.h(7142): warning C4819: The file contains a character that cannot be represented in the current code page (936). Save the file in Unicode format to prevent data loss
     1>c:\program files\nvidia gpu computing toolkit\cuda\v8.0\include\math_functions.h(7956): warning C4819: The file contains a character that cannot be represented in the current code page (936). Save the file in Unicode format to prevent data loss
     1>c:\program files\nvidia gpu computing toolkit\cuda\v8.0\include\math_functions.h : warning C4819: The file contains a character that cannot be represented in the current code page (936). Save the file in Unicode format to prevent data loss
     1>c:\program files\nvidia gpu computing toolkit\cuda\v8.0\include\math_functions.h(849): warning C4819: The file contains a character that cannot be represented in the current code page (936). Save the file in Unicode format to prevent data loss
     1>c:\program files\nvidia gpu computing toolkit\cuda\v8.0\include\math_functions.h(1787): warning C4819: The file contains a character that cannot be represented in the current code page (936). Save the file in Unicode format to prevent data loss
     1>c:\program files\nvidia gpu computing toolkit\cuda\v8.0\include\math_functions.h(2637): warning C4819: The file contains a character that cannot be represented in the current code page (936). Save the file in Unicode format to prevent data loss
     1>c:\program files\nvidia gpu computing toolkit\cuda\v8.0\include\math_functions.h(3492): warning C4819: The file contains a character that cannot be represented in the current code page (936). Save the file in Unicode format to prevent data loss
     1>c:\program files\nvidia gpu computing toolkit\cuda\v8.0\include\math_functions.h(4431): warning C4819: The file contains a character that cannot be represented in the current code page (936). Save the file in Unicode format to prevent data loss
     1>c:\program files\nvidia gpu computing toolkit\cuda\v8.0\include\math_functions.h(5345): warning C4819: The file contains a character that cannot be represented in the current code page (936). Save the file in Unicode format to prevent data loss
     1>c:\program files\nvidia gpu computing toolkit\cuda\v8.0\include\math_functions.h(6252): warning C4819: The file contains a character that cannot be represented in the current code page (936). Save the file in Unicode format to prevent data loss
     1>c:\program files\nvidia gpu computing toolkit\cuda\v8.0\include\math_functions.h(7142): warning C4819: The file contains a character that cannot be represented in the current code page (936). Save the file in Unicode format to prevent data loss
     1>c:\program files\nvidia gpu computing toolkit\cuda\v8.0\include\math_functions.h(7956): warning C4819: The file contains a character that cannot be represented in the current code page (936). Save the file in Unicode format to prevent data loss
     1>c:\program files\nvidia gpu computing toolkit\cuda\v8.0\include\device_functions_decls.h : warning C4819: The file contains a character that cannot be represented in the current code page (936). Save the file in Unicode format to prevent data loss
     1>c:\program files\nvidia gpu computing toolkit\cuda\v8.0\include\device_functions_decls.h(910): warning C4819: The file contains a character that cannot be represented in the current code page (936). Save the file in Unicode format to prevent data loss
     1>c:\program files\nvidia gpu computing toolkit\cuda\v8.0\include\device_functions_decls.h(1903): warning C4819: The file contains a character that cannot be represented in the current code page (936). Save the file in Unicode format to prevent data loss
     1>c:\program files\nvidia gpu computing toolkit\cuda\v8.0\include\device_functions_decls.h(2843): warning C4819: The file contains a character that cannot be represented in the current code page (936). Save the file in Unicode format to prevent data loss
     1>c:\program files\nvidia gpu computing toolkit\cuda\v8.0\include\device_functions_decls.h(3779): warning C4819: The file contains a character that cannot be represented in the current code page (936). Save the file in Unicode format to prevent data loss
     1>c:\program files\nvidia gpu computing toolkit\cuda\v8.0\include\device_functions_decls.h(4721): warning C4819: The file contains a character that cannot be represented in the current code page (936). Save the file in Unicode format to prevent data loss
     1>c:\program files\nvidia gpu computing toolkit\cuda\v8.0\include\device_functions_decls.h(5723): warning C4819: The file contains a character that cannot be represented in the current code page (936). Save the file in Unicode format to prevent data loss
     1>c:\program files\nvidia gpu computing toolkit\cuda\v8.0\include\device_functions_decls.h(6682): warning C4819: The file contains a character that cannot be represented in the current code page (936). Save the file in Unicode format to prevent data loss
     1>c:\program files\nvidia gpu computing toolkit\cuda\v8.0\include\device_functions_decls.h(7610): warning C4819: The file contains a character that cannot be represented in the current code page (936). Save the file in Unicode format to prevent data loss
     1>c:\program files\nvidia gpu computing toolkit\cuda\v8.0\include\device_functions_decls.h(8543): warning C4819: The file contains a character that cannot be represented in the current code page (936). Save the file in Unicode format to prevent data loss
     1>c:\program files\nvidia gpu computing toolkit\cuda\v8.0\include\device_functions_decls.h(9413): warning C4819: The file contains a character that cannot be represented in the current code page (936). Save the file in Unicode format to prevent data loss
     1>c:\program files\nvidia gpu computing toolkit\cuda\v8.0\include\device_functions_decls.h(10391): warning C4819: The file contains a character that cannot be represented in the current code page (936). Save the file in Unicode format to prevent data loss
     1>c:\program files\nvidia gpu computing toolkit\cuda\v8.0\include\device_functions_decls.h(11435): warning C4819: The file contains a character that cannot be represented in the current code page (936). Save the file in Unicode format to prevent data loss
     1>c:\program files\nvidia gpu computing toolkit\cuda\v8.0\include\device_functions.h : warning C4819: The file contains a character that cannot be represented in the current code page (936). Save the file in Unicode format to prevent data loss
     1>c:\program files\nvidia gpu computing toolkit\cuda\v8.0\include\device_functions.h(774): warning C4819: The file contains a character that cannot be represented in the current code page (936). Save the file in Unicode format to prevent data loss
     1>c:\program files\nvidia gpu computing toolkit\cuda\v8.0\include\device_functions.h(1618): warning C4819: The file contains a character that cannot be represented in the current code page (936). Save the file in Unicode format to prevent data loss
     1>c:\program files\nvidia gpu computing toolkit\cuda\v8.0\include\device_double_functions.h : warning C4819: The file contains a character that cannot be represented in the current code page (936). Save the file in Unicode format to prevent data loss
     1>c:\program files\nvidia gpu computing toolkit\cuda\v8.0\include\sm_20_intrinsics.h : warning C4819: The file contains a character that cannot be represented in the current code page (936). Save the file in Unicode format to prevent data loss
     1>c:\program files\nvidia gpu computing toolkit\cuda\v8.0\include\sm_20_intrinsics.h(943): warning C4819: The file contains a character that cannot be represented in the current code page (936). Save the file in Unicode format to prevent data loss
     1>c:\program files\nvidia gpu computing toolkit\cuda\v8.0\include\math_functions.h : warning C4819: The file contains a character that cannot be represented in the current code page (936). Save the file in Unicode format to prevent data loss
     1>c:\program files\nvidia gpu computing toolkit\cuda\v8.0\include\math_functions.h(849): warning C4819: The file contains a character that cannot be represented in the current code page (936). Save the file in Unicode format to prevent data loss
     1>c:\program files\nvidia gpu computing toolkit\cuda\v8.0\include\math_functions.h(1787): warning C4819: The file contains a character that cannot be represented in the current code page (936). Save the file in Unicode format to prevent data loss
     1>c:\program files\nvidia gpu computing toolkit\cuda\v8.0\include\math_functions.h(2637): warning C4819: The file contains a character that cannot be represented in the current code page (936). Save the file in Unicode format to prevent data loss
     1>c:\program files\nvidia gpu computing toolkit\cuda\v8.0\include\math_functions.h(3492): warning C4819: The file contains a character that cannot be represented in the current code page (936). Save the file in Unicode format to prevent data loss
     1>c:\program files\nvidia gpu computing toolkit\cuda\v8.0\include\math_functions.h(4431): warning C4819: The file contains a character that cannot be represented in the current code page (936). Save the file in Unicode format to prevent data loss
     1>c:\program files\nvidia gpu computing toolkit\cuda\v8.0\include\math_functions.h(5345): warning C4819: The file contains a character that cannot be represented in the current code page (936). Save the file in Unicode format to prevent data loss
     1>c:\program files\nvidia gpu computing toolkit\cuda\v8.0\include\math_functions.h(6252): warning C4819: The file contains a character that cannot be represented in the current code page (936). Save the file in Unicode format to prevent data loss
     1>c:\program files\nvidia gpu computing toolkit\cuda\v8.0\include\math_functions.h(7142): warning C4819: The file contains a character that cannot be represented in the current code page (936). Save the file in Unicode format to prevent data loss
     1>c:\program files\nvidia gpu computing toolkit\cuda\v8.0\include\math_functions.h(7956): warning C4819: The file contains a character that cannot be represented in the current code page (936). Save the file in Unicode format to prevent data loss
         xcorr2d_multi_grid.cu
         _WIN32_WINNT not defined. Defaulting to _WIN32_WINNT_MAXVER (see WinSDKVer.h)
     1>C:\Program Files (x86)\Microsoft Visual Studio 12.0\VC\atlmfc\include\atltime.h(1122): warning C4159: #pragma pack(pop,...) : has popped previously pushed identifier 'ATL_PACKING'
     1>e:\jhume\c_coding\xcorr2d_v1.0\xcorr2d_v1.0\xcorr2d_multi_grid.cuh(192): warning C4305: 'initializing' : truncation from 'double' to 'float'
     1>E:/JHUME/c_coding/xcorr2d_V1.0/xcorr2d_V1.0/xcorr2d_multi_grid.cu(720): warning C4101: 'i' : unreferenced local variable
     1>E:/JHUME/c_coding/xcorr2d_V1.0/xcorr2d_V1.0/xcorr2d_multi_grid.cu(1286): warning C4101: 'j' : unreferenced local variable
     1>E:/JHUME/c_coding/xcorr2d_V1.0/xcorr2d_V1.0/xcorr2d_multi_grid.cu(1580): warning C4244: 'argument' : conversion from 'int' to 'float', possible loss of data
     1>E:/JHUME/c_coding/xcorr2d_V1.0/xcorr2d_V1.0/xcorr2d_multi_grid.cu(1622): warning C4101: 'j' : unreferenced local variable
     1>Done Building Project "E:\JHUME\c_coding\xcorr2d_V1.0\xcorr2d_V1.0\xcorr2d_V1.0.vcxproj" (CudaBuildCore target(s)).
     1>ClCompile:
         C:\Program Files (x86)\Microsoft Visual Studio 12.0\VC\bin\x86_amd64\CL.exe /c /I"C:\Program Files\NVIDIA GPU Computing Toolkit\CUDA\v8.0\include" /Zi /nologo /W3 /WX- /sdl /Od /D WIN32 /D _DEBUG /D _CONSOLE /D _LIB /D _UNICODE /D UNICODE /D _AFXDLL /Gm /EHsc /RTC1 /MDd /GS /fp:precise /Zc:wchar_t /Zc:forScope /Fo"x64\Debug\\" /Fd"x64\Debug\vc120.pdb" /Gd /TP /errorReport:prompt FolderFileOp.cpp ImageIOPkg.cpp main.cpp stdafx.cpp
         stdafx.cpp
         main.cpp
         _WIN32_WINNT not defined. Defaulting to _WIN32_WINNT_MAXVER (see WinSDKVer.h)
     1>e:\jhume\c_coding\xcorr2d_v1.0\xcorr2d_v1.0\xcorr2d_multi_grid.cuh(192): warning C4305: 'initializing' : truncation from 'double' to 'float'
     1>main.cpp(91): warning C4267: 'argument' : conversion from 'size_t' to 'int', possible loss of data
     1>main.cpp(106): warning C4244: '=' : conversion from 'double' to 'float', possible loss of data
     1>main.cpp(124): warning C4244: '=' : conversion from 'double' to 'float', possible loss of data
     1>main.cpp(125): warning C4244: '=' : conversion from 'double' to 'float', possible loss of data
     1>main.cpp(133): warning C4244: '=' : conversion from 'double' to 'float', possible loss of data
     1>main.cpp(134): warning C4244: '=' : conversion from 'double' to 'float', possible loss of data
     1>main.cpp(138): warning C4244: '=' : conversion from 'double' to 'float', possible loss of data
     1>main.cpp(139): warning C4244: '=' : conversion from 'double' to 'float', possible loss of data
     1>main.cpp(140): warning C4244: '=' : conversion from 'double' to 'float', possible loss of data
     1>main.cpp(141): warning C4244: '=' : conversion from 'double' to 'float', possible loss of data
     1>main.cpp(143): warning C4244: '=' : conversion from 'double' to 'float', possible loss of data
     1>main.cpp(144): warning C4244: '=' : conversion from 'double' to 'float', possible loss of data
     1>main.cpp(145): warning C4244: '=' : conversion from 'double' to 'float', possible loss of data
     1>main.cpp(146): warning C4244: '=' : conversion from 'double' to 'float', possible loss of data
         ImageIOPkg.cpp
     1>ImageIOPkg.cpp(191): warning C4244: '=' : conversion from 'ULONGLONG' to 'DWORD', possible loss of data
     1>ImageIOPkg.cpp(218): warning C4244: '=' : conversion from 'ULONGLONG' to 'DWORD', possible loss of data
     1>ImageIOPkg.cpp(151): warning C4101: 'nYResolution' : unreferenced local variable
     1>ImageIOPkg.cpp(150): warning C4101: 'nXResolution' : unreferenced local variable
     1>ImageIOPkg.cpp(347): warning C4244: '=' : conversion from 'ULONGLONG' to 'DWORD', possible loss of data
     1>ImageIOPkg.cpp(374): warning C4244: '=' : conversion from 'ULONGLONG' to 'DWORD', possible loss of data
     1>ImageIOPkg.cpp(307): warning C4101: 'nYResolution' : unreferenced local variable
     1>ImageIOPkg.cpp(306): warning C4101: 'nXResolution' : unreferenced local variable
     1>ImageIOPkg.cpp(497): warning C4244: '=' : conversion from 'ULONGLONG' to 'DWORD', possible loss of data
     1>ImageIOPkg.cpp(524): warning C4244: '=' : conversion from 'ULONGLONG' to 'DWORD', possible loss of data
     1>ImageIOPkg.cpp(457): warning C4101: 'nYResolution' : unreferenced local variable
     1>ImageIOPkg.cpp(456): warning C4101: 'nXResolution' : unreferenced local variable
         FolderFileOp.cpp
         _WIN32_WINNT not defined. Defaulting to _WIN32_WINNT_MAXVER (see WinSDKVer.h)
         Generating Code...
       Link:
         C:\Program Files (x86)\Microsoft Visual Studio 12.0\VC\bin\x86_amd64\link.exe /ERRORREPORT:PROMPT /OUT:"E:\JHUME\c_coding\xcorr2d_V1.0\x64\Debug\xcorr2d_V1.0.exe" /INCREMENTAL /NOLOGO /LIBPATH:"C:\Program Files\NVIDIA GPU Computing Toolkit\CUDA\v8.0\lib\x64" cudart.lib cufft.lib /MANIFEST /MANIFESTUAC:"level='asInvoker' uiAccess='false'" /manifest:embed /manifestinput:"C:\Program Files (x86)\Microsoft Visual Studio 12.0\VC\Include\Manifest\dpiaware.manifest" /DEBUG /PDB:"E:\JHUME\c_coding\xcorr2d_V1.0\x64\Debug\xcorr2d_V1.0.pdb" /SUBSYSTEM:CONSOLE /TLBID:1 /DYNAMICBASE /NXCOMPAT /IMPLIB:"E:\JHUME\c_coding\xcorr2d_V1.0\x64\Debug\xcorr2d_V1.0.lib" /MACHINE:X64 x64\Debug\gpuinfo.cu.obj
         x64\Debug\MHE7_4_gpu.cu.obj
         x64\Debug\xcorr2d_multi_grid.cu.obj
         x64\Debug\FolderFileOp.obj
         x64\Debug\ImageIOPkg.obj
         x64\Debug\main.obj
         x64\Debug\stdafx.obj
         xcorr2d_V1.0.vcxproj -> E:\JHUME\c_coding\xcorr2d_V1.0\x64\Debug\xcorr2d_V1.0.exe
     1>Done Building Project "E:\JHUME\c_coding\xcorr2d_V1.0\xcorr2d_V1.0\xcorr2d_V1.0.vcxproj" (Rebuild target(s)).

Build succeeded.

Time Elapsed 00:00:18.06
